2026-02-15 22:53:32,796 - INFO - Status Code: 200
2026-02-15 22:53:32,797 - INFO - User ID: 1
2026-02-15 22:53:33,296 - INFO - UE 1 status: 200
2026-02-15 22:53:33,668 - INFO - UE 2 status: 200
2026-02-15 22:53:34,045 - INFO - UE 3 status: 200
2026-02-15 22:53:34,705 - INFO - UE 4 status: 200
2026-02-15 22:53:35,317 - INFO - UE 5 status: 200
2026-02-18 15:28:03,337 - INFO - Status Code: 200
2026-02-18 15:28:03,338 - INFO - User ID: 1
2026-02-18 15:28:04,125 - INFO - UE 1 status: 200
2026-02-18 15:28:04,701 - INFO - UE 2 status: 200
2026-02-18 15:28:05,377 - INFO - UE 3 status: 200
2026-02-18 15:28:06,055 - INFO - UE 4 status: 200
2026-02-18 15:28:06,885 - INFO - UE 5 status: 200
2026-02-18 15:35:27,481 - INFO - Status Code: 200
2026-02-18 15:35:27,493 - INFO - User ID: 1
2026-02-18 15:35:28,687 - INFO - UE 1 status: 200
2026-02-18 15:35:29,200 - INFO - UE 2 status: 200
2026-02-18 15:35:29,665 - INFO - UE 3 status: 200
2026-02-18 15:35:30,128 - INFO - UE 4 status: 200
2026-02-18 15:35:30,601 - INFO - UE 5 status: 200
2026-02-18 15:41:12,050 - INFO - Status Code: 200
2026-02-18 15:41:12,051 - INFO - User ID: 1
2026-02-18 15:41:13,197 - INFO - UE 1 status: 200
2026-02-18 15:41:13,672 - INFO - UE 2 status: 200
2026-02-18 15:41:14,147 - INFO - UE 3 status: 200
2026-02-18 15:41:14,627 - INFO - UE 4 status: 200
2026-02-18 15:41:15,094 - INFO - UE 5 status: 200
